"User Name","Roles","Is User Active?"
"Jon Doe","ADMIN USER","True"
"Jane Doe","ADMIN USER","False"
"Alby Testin","ADMIN USER","True"
